com/syed/elpl_backend/Interpreter.class
com/syed/elpl_backend/Compiler/Main.class
com/syed/elpl_backend/FunctionCallNode.class
com/syed/elpl_backend/Compiler/VariableRef.class
com/syed/elpl_backend/ForNode.class
com/syed/elpl_backend/PrintNode.class
com/syed/elpl_backend/UnaryExpr.class
com/syed/elpl_backend/InterpreterService.class
com/syed/elpl_backend/Compiler/ExpressionNode.class
com/syed/elpl_backend/ArrayDecNode.class
com/syed/elpl_backend/BinaryExpr.class
com/syed/elpl_backend/ASTNode.class
com/syed/elpl_backend/Compiler/ASTNode.class
com/syed/elpl_backend/ArrayAccessNode.class
com/syed/elpl_backend/Compiler/PrintNode.class
com/syed/elpl_backend/ELPLController.class
com/syed/elpl_backend/Condition.class
com/syed/elpl_backend/Lexer.class
com/syed/elpl_backend/BooleanLiteral.class
com/syed/elpl_backend/AssignmentNode.class
com/syed/elpl_backend/Compiler/Program.class
com/syed/elpl_backend/ReturnNode.class
com/syed/elpl_backend/VariableRef.class
com/syed/elpl_backend/IfNode.class
com/syed/elpl_backend/Compiler/NumberLiteral.class
com/syed/elpl_backend/Parser.class
com/syed/elpl_backend/NumberLiteral.class
com/syed/elpl_backend/StopNode.class
com/syed/elpl_backend/TokenType.class
com/syed/elpl_backend/Parser$1.class
com/syed/elpl_backend/Compiler/Compiler.class
com/syed/elpl_backend/Program.class
com/syed/elpl_backend/FunctionDeclNode.class
com/syed/elpl_backend/RepeatNode.class
com/syed/elpl_backend/ArrayAssignNode.class
com/syed/elpl_backend/ELPLBackendApplication.class
com/syed/elpl_backend/Token.class
com/syed/elpl_backend/BlockNode.class
com/syed/elpl_backend/WhileNode.class
com/syed/elpl_backend/Compiler/AssignmentNode.class
com/syed/elpl_backend/Interpreter$StopException.class
com/syed/elpl_backend/StringLiteral.class
com/syed/elpl_backend/Interpreter$ReturnException.class
com/syed/elpl_backend/ExpressionNode.class
