/Users/apple/Desktop/elpl-backend/src/main/java/com/syed/elpl_backend/ASTNode.java
/Users/apple/Desktop/elpl-backend/src/main/java/com/syed/elpl_backend/Compiler/ASTNode.java
/Users/apple/Desktop/elpl-backend/src/main/java/com/syed/elpl_backend/Compiler/AssignmentNode.java
/Users/apple/Desktop/elpl-backend/src/main/java/com/syed/elpl_backend/Compiler/Compiler.java
/Users/apple/Desktop/elpl-backend/src/main/java/com/syed/elpl_backend/Compiler/ExpressionNode.java
/Users/apple/Desktop/elpl-backend/src/main/java/com/syed/elpl_backend/Compiler/Main.java
/Users/apple/Desktop/elpl-backend/src/main/java/com/syed/elpl_backend/Compiler/NumberLiteral.java
/Users/apple/Desktop/elpl-backend/src/main/java/com/syed/elpl_backend/Compiler/PrintNode.java
/Users/apple/Desktop/elpl-backend/src/main/java/com/syed/elpl_backend/Compiler/Program.java
/Users/apple/Desktop/elpl-backend/src/main/java/com/syed/elpl_backend/Compiler/VariableRef.java
/Users/apple/Desktop/elpl-backend/src/main/java/com/syed/elpl_backend/ELPLBackendApplication.java
/Users/apple/Desktop/elpl-backend/src/main/java/com/syed/elpl_backend/ELPLController.java
/Users/apple/Desktop/elpl-backend/src/main/java/com/syed/elpl_backend/Interpreter.java
/Users/apple/Desktop/elpl-backend/src/main/java/com/syed/elpl_backend/InterpreterService.java
/Users/apple/Desktop/elpl-backend/src/main/java/com/syed/elpl_backend/Lexer.java
/Users/apple/Desktop/elpl-backend/src/main/java/com/syed/elpl_backend/Parser.java
/Users/apple/Desktop/elpl-backend/src/main/java/com/syed/elpl_backend/Token.java
/Users/apple/Desktop/elpl-backend/src/main/java/com/syed/elpl_backend/TokenType.java
